77
c
string inside a struct
string inside a struct
CHANGED string inside a struct
