67.500000
67.100000
65.500000
-43.100000
66.500000
661.200000
66.500000
0.217786
