2.000000
110.200000
2.000000
110.200000
2.000000
110.200000
2.000000
110.200000
