101
3628800
fib:
1
1389091377
1389091378
-1516784541
-127693163
-1644477704
-1772170867
878318725
-893852142
-15533417
