10.500000
12.500000
5.000000
10.000000
5.000000
10.000000
5.000000
10.000000
