10.500000
4.200000
66.500000
12.000000
9.900000
55.100000
