[ 1 2 3 4 5 6 0 0 0 0  ]
3
D
9.800000
[0.000000,0.000000]
{3,4}
{[ 8 9 10 ],3,{4,4}}
[ {[ 8 9 10 ],3,{4,4}} {[ 0 0 0 ],0,{0,0}} {[ 0 0 0 ],0,{0,0}}  ]
