10.500000
4.200000
67.500000
67.100000
65.500000
-43.100000
66.500000
661.200000
66.500000
0.217786
134.000000
728.300000
133.000000
24.000000
8911.000000
8739.600000
133.000000
24.000000
